
<!DOCTYPE html>
<html lang="en">

<head>
    <title>My amazing blog!</title>
    <meta charset="UTF-8" />
    <meta name="description" content="Wow, like and subscribe, it really helps the channel guys" lang="en" />
</head>

<body>
    <nav role="navigation">
        <div>
            <h1>@nahcnuj's blog</h1>
            <ul>
                <li><a href="/">home</a></li>
                <li><a href="about">about</a></li>
                <li><a href="archive">archive</a></li>
            </ul>
        </div>
    </nav>
    <main>

<h1></h1>

<p></p>

Tags: <ul></ul>

<article>
<h1>Heading</h1>
<p>Rendered successfully!</p>

</article>

</main>
<footer>
    <ul>
        <li><a href="https://twitter.com/nahcnuj">Twitter</a></li>
        <li><a href="https://github.com/nahcnuj">GitHub</a></li>
    </ul>
</footer>
</body>

</html>

