<h1>Hello, world</h1>

<p>This is a description.</p>

Tags: <ul><li>go</li><li>TDD</li></ul>
